1003F	GCGGCACCAACTGGGGCTGGT
1070F	ATGGCTGTCGTCAGCT
109F	ACKGCTCAGTAACACGT
1369R	GCCCGGGAACGTATTCACCG
1378R	CGGTGTGTACAAGGCCCGGGAACG
1392R-GC	CGCCCGCCGCGCCCCGCGCCCGGCCCGCCGCCCCCGCCCCACGGGCGGTGTGTAC
1492R	TACGGYTACCTTGTTACGACTT
1512UR	ACGGHTACCTTGTTACGACTT
1555R	CATGAABGGCTCCCARTCCAT
189F	GGNGACTGGGACTTCTGG
206F	ATCGCBAARGAATAYGCSCG
27F	AGAGTTTGATCMTGGCTCAG
341F-GC	CGCCCGCCGCGCGCGGCGGGCGGGGCGGGGGCACGGGGGGCCTACGGGAGGCAGCAG
341F	CCTACGGGAGGCAGCAG
357F-GC	CGCCCGCCGCGCCCCGCGCCCGTCCCGCCGCCCCCGCCCGCCTACGGGAGGCAGCAG
5.8S	CGCTGCGTTCTTCATCG
518F-CG	CGCCCGCCGCGCGCGGCGGGCGGGGCGGGGGCACGGGGGGCCAGCAGCCGCGGTAAT
518R	ATTACCGCGGCTGCTGG
519F	CAGCMGCCGCGGTAANWC
533F	GTGCCAGCAGCCGCGGTAA
63F	CAGGCCTAACACATGCAAGTC
63F-GC	CGCCCGCCGCGCCCCGCGCCCGTCCCGCCGCCCCCGCCCGCAGGCCTAACACATGCAAGTC
661R	CCGGMGCAACGTCYTTACC
771F	ACGGTGAGGGATGAAAGCT
785R	CTACCAGGGTATCTAATCC
886R	ACCCANGGCTCGACYTTGAA
907R	CCGTCAATTCMTTTGAGTTT
907R-GC	CGCCCGCCGCGCCCCGCGCCCGGCCCGCCGCCCCCGCCCCCCGTCAATTCCTTTGAGTTT
907R-RT	CCGTCAATTCMTTTRAGTT
954F-GC	CGCCCGCCGCGCGCGGCGGGCGGGGCGGGGGCACGGGGGGGCACAAGCGGTGGAGCATGTGG
957R	CGGCGTTGACTCCAATTG
958R	YCCGGCGTTGAMTCCAATT
968F	GAACGCGAAGAACCTTAC
968F-CG	CGCCCGCCGCGCGCGGCGGGCGGGGCGGGGGCACGGGGGGAACGCGAAGAACCTTAC
968F-GC	CGCCCGGGGCGCGCCCCGGGCGGGGCGGGGGCACGGGGGGAACGCGAAGAACCTTAC
9BFM	GAGTTTGATYHTGGCTCAG
A109F	ACKGCTCAGTAACACGT
ACIDO	GCTCAGAATSAACGCTGG
ATCACG143434	TGATAATGACAGTACCGGGA
ATCACG157374	GAAAAGCCGAGTGCTAATAT
ACD31F	GATCCTGGCTCAGAATC
ACIDO4	GAAGAATTAATGACGGTACT
ALF28F	ARCGAACGCTGGCGGCA
ALF684R	TACGAATTTYACCTCTACA
AMX368F	TTCGCAATGCCCGAAAGG
AMX820R	AAAACCCCTCTACTTAGTGCCC
AN1388R	GCTTGACGGGCGGTGTG
AN7F	GGCATGCAGTCGAACGAGG
ARCH-AMOAF	STAATGGTCTGGCTTAGACG
ARCH-AMOAR	GCGGCCATCCATCTGTATGT
ARCH21F	TTCCGGTTGATCCTGCCGGA
BETA359F	GGGGAATTTTGGACAATGGG
BETA682R	ACGCATTTCACTGCTACACG
BROD1260R	GGATTCGCTTCACCTCTCGG
BROD541F	GAGCACGTAGGTGGGTTTGT
CDNIRKF	TCATGGTGCTGCCGCGBGACGG
CFB555F	CCGGAWTYATTGGGTTTAAAGGG
CFB968R	GGTAAGGTTCCTCGCGTA
CTO189FA/CTO189FB-GC	CCGCCGCGCGGCGGGCGGGGCGGGGGCACGGGGGGAGRAAAGCAGGGGATCG
CTO189FC-GC	CGCCCGCCGCGCGGCGGGCGGGGCGGGGGCACGGGGGGAGGAAAGTAGGGGATCG
CTO654R	CTAGCYTTGTAGTTTCAAACGC
CYA361F	GGAATTTTCCGCAATGGG
CYA785R	GACTACWGGGGTATCTAATCC
CRENAMOA23F	ATGGTCTGGCTWAGACG
CRENAMOA616R	GCCATCCATCTGTATGTCCA
EF3	TCCTCTAAATGACCAAGTTTG
EC11303	AGGAAGGTAGTAAAGTTAAT
EUB338R	GCTGCCTCCCGTAGGAGT
EUK1209F	CAGGTCTGTGATGCCC
EUK1209F-GC	CGCGCGCCGCGCCCCGCGCCCGTCCCGCCGCCCCCGCCCGCAGGTCTGTGATGCCC
EUKA	AACCTGGTTGATCCTGCCAGT
EUKB	TGATCCTTCTGCAGGTTCACCTAC
F1DCD	CACCCSGARCCGCGCGT
F243	GGATGAGCCCGCGGCCTA
F984GC	CGCCCGGGGCGCGCCCCGGGCGGGGCGGGGGCACGGGGGGAACGCGAAGAACCTTAC
FR1	AICCATTCAATCGGTAIT
FR1GC	CCCCCGCCGCGCGCGGCGGGCGGGGCGGGGGCACGGGCCGAICCATTCAATCGGTAIT
FIRM350F	GGCAGCAGTRGGGAATCTTC
FIRM814R	ACACYTAGYACTCATCGTTT
FLACU	ATCATGGTSCTGCCGCG
GAMMA395F	CMATGCCGCGTGTGTGAA
GAMMA871R	ACTCCCCAGGCGGTCDACTTA
ITS1F	TCCGTAGGTGAACCTGCGG
M13F	TGTAAAACGACGGCCAGT
M13R	CAGGAAACAGCTATGACC
M1492R	GYYACCTTGTTACGACTT
NS0	TACCTGGTTGATCCTGCC
NS1	GTAGTCATATGCTTGTCTC
PARCH519R	TTACCGCGGCKGCTG
R1378	CGGTGTGTACAAGGCCCGGGAACG
R3CD	GASTTCGGRTGSGTCTTGA
R3CU	GCCTCGATCAGRTTGTGGTT
R4CD	CGTTGAACTTRCCGGTSGG
R513	CGGCCGCGGCTGCTGGCACGTA
R513GC	CGCCCGGGGCGCGCCCCGGGCGGGGCGGGGGCACGGGGGGCGGCCGCGGCTGCTGGCACGTA
S1	CGCACGGMCACACTGGAACT
S2	GTCCTAGCCCTAAACSATCA
S3	CCGGCTYAACYGGGAGGGTG
S6	CCTAAACGATGARTGCTTGG
SA1F	CCTAYGGGGCGCAGCAGG
SA1F-GC	CGCCCGCCGCGCGCGGCGGGCGGGGCGGGGGCACGGGGGGCCTAYGGGGCGCAGCAGG
SA2F	CCTACGGGGCGCAGAGGG
SA2F-GC	CGCCCGCCGCGCGCGGCGGGCGGGGCGGGGGCACGGGGGGCCTACGGGGCGCAGAGGG
UL10.1	AGGRGGGATGAGAYGGACAGT
UL11.1	TGACGCTTTTCGGAGTGT
UL11.2	GAAGATGAAGGACGGTACCTG
UL13.1	TTGGACAATGAACGAAAGTT
UL13.2	GATACTAATAGAACTATAAA
UL14.1	CGAATATGCTGCTCTGCGGCACT
UL4.1	GAACCTATTTCTTGCGAGA
UL4.2	TGCAGGAAGAAGCCCTCTG
UL5.1	GGAGAAGGCCTGTATGGTGA
UL5.2	TTGTAAACTGCTTTTAGTGA
UL6.1	ACGCAAGTCTGAYGSAGCG
UL9.1	TTAGATTTCGGAGAAGAAAT
UL9.2	TGAGTGATGAAGGACTGT
UNI1392R	ACGGGCGGTGTGTRC
VER53F	TGGCGGCGTGGWTAAGA
AMOA-1F	GGGGTTTCTACTGGTGGT
AMOA-2R	CCCCTCKGSAAAGCCTTCTTC
CD3AF	GTSAACGTSAAGGARACSGG
F1003	GCGGCACCAACTGGGGCTGGT
MODM13F	CGCCAGGGTTTTCCCAGTCACGA
MODM13R	AGCGAATAACAATTTCACACAGGA
NIR3	AAYGTNAARGARACBGG
NIR4	ACRTTRAAYTTNCCNGT
NIRK1040	GCCTCGATCAGRTTRTGGTT
NIRK1F	GGMATGGTKCCSTGGCA
NIRK5R	GCCTCGATCAGRTTRTGG
NIRS1F	CCTAYTGGCCGCCRCART
NIRS6R	CGTTGAACTTRCCGGT
NU-SSU-0817-5	TTAGCATGGAATAATRRAATAGGA
NU-SSU-1196-3	TCTGGACCTGGTGAGTTTCC
NU-SSU-1536-3	ATTGCAATGCYCTATCCCCA
R-1401	CGGTGTGTACAAGACCC
R1555	CATGAABGGCTCCCARTCCAT
